// Jest Snapshot v1, https://goo.gl/fbAQLP

exports[`<Register /> spec should render 1`] = `
.emotion-6 {
  display: grid;
  grid-template-columns: 90%;
  grid-template-rows: 8em;
  grid-auto-rows: 3em;
  gap: 1em 1%;
  -webkit-box-pack: center;
  -webkit-justify-content: center;
  -ms-flex-pack: center;
  justify-content: center;
  justify-items: start;
}

@media (min-width:600px) {
  .emotion-6 {
    grid-template-columns: 25% 25%;
  }
}

@media (min-width:920px) {
  .emotion-6 {
    grid-template-columns: 25% 25% 25%;
  }
}

.emotion-0 {
  grid-column: 1;
  grid-row: 0 / 2;
  justify-self: center;
  -webkit-align-self: center;
  -ms-flex-item-align: center;
  align-self: center;
  font-size: 2em;
  color: #04080c;
}

@media (min-width:600px) {
  .emotion-0 {
    grid-column: 1 / span 2;
  }
}

@media (min-width:920px) {
  .emotion-0 {
    grid-column: 1 / span 3;
  }
}

.emotion-1 {
  justify-self: stretch;
  -webkit-align-self: stretch;
  -ms-flex-item-align: stretch;
  align-self: stretch;
  font-size: 1em;
  padding: 0 1%;
  color: #778189;
}

.emotion-5 {
  justify-self: stretch;
  -webkit-align-self: stretch;
  -ms-flex-item-align: stretch;
  align-self: stretch;
  font-size: 1em;
  color: #778189;
  grid-column: 1;
}

@media (min-width:600px) {
  .emotion-5 {
    justify-self: stretch;
    grid-column: 1 / span 2;
  }
}

@media (min-width:920px) {
  .emotion-5 {
    justify-self: stretch;
    grid-column: auto;
  }
}

<div
  class="emotion-6"
  data-testid="reg-container"
>
  <h1
    class="emotion-0"
  >
    Register an Account
  </h1>
  <input
    class="emotion-1"
    data-testid="userName-field"
    id="userName"
    pattern=".*"
    placeholder="Name"
    required=""
    type="text"
    value=""
  />
  <input
    class="emotion-1"
    data-testid="email-field"
    id="email"
    pattern=".*"
    placeholder="Email"
    required=""
    type="email"
    value=""
  />
  <input
    class="emotion-1"
    data-testid="password-field"
    id="password"
    pattern=".*"
    placeholder="Password"
    required=""
    type="password"
    value=""
  />
  <input
    class="emotion-1"
    data-testid="confirm-password-field"
    id="confirmationpassword"
    pattern=".*"
    placeholder="Confirm Password"
    required=""
    type="password"
    value=""
  />
  <button
    class="emotion-5"
    data-testid="submit-button"
    id="mainbutton"
    type="button"
  >
    Register
  </button>
</div>
`;
